// Jest Snapshot v1, https://goo.gl/fbAQLP

exports[`Should render ExpenseListItem 1`] = `
<Link
  className="list-item"
  replace={false}
  to="edit/1"
>
  <div>
    <h3
      className="list-item__title"
    >
      test1
    </h3>
    <span
      className="list-item__sub-title"
    >
      created at: 
      12/31/1969
    </span>
  </div>
  <h3
    className="list-item__data"
  >
    $1.95
  </h3>
</Link>
`;
