// Jest Snapshot v1, https://goo.gl/fbAQLP

exports[`Should render Header correctly 1`] = `
<header>
  <h1>
    Expensify
  </h1>
  <NavLink
    activeClassName="active-link"
    ariaCurrent="true"
    exact={true}
    to="/"
  >
    Home
  </NavLink>
  <NavLink
    activeClassName="active-link"
    ariaCurrent="true"
    to="/create"
  >
    Create Expense
  </NavLink>
  <button
    onClick={[Function]}
  >
    Logout
  </button>
</header>
`;
