// Jest Snapshot v1, https://goo.gl/fbAQLP

exports[`should render login component 1`] = `
<div>
  <form
    onSubmit={[Function]}
  >
    <button>
      Login
    </button>
  </form>
</div>
`;
